// Jest Snapshot v1, https://goo.gl/fbAQLP

exports[`renders correctly 1`] = `
<View
  height={20}
  style={
    [
      {
        "height": 20,
        "maxHeight": 20,
        "minHeight": 20,
      },
    ]
  }
/>
`;
